------------------------------------------------------------
Timing Analyzer Summary
------------------------------------------------------------

Type  : Slow 1100mV 85C Model Setup 'CLOCK_50'
Slack : -5.951
TNS   : -156.324

Type  : Slow 1100mV 85C Model Hold 'CLOCK_50'
Slack : 0.237
TNS   : 0.000

Type  : Slow 1100mV 85C Model Minimum Pulse Width 'CLOCK_50'
Slack : -0.394
TNS   : -27.881

Type  : Slow 1100mV 0C Model Setup 'CLOCK_50'
Slack : -5.920
TNS   : -154.077

Type  : Slow 1100mV 0C Model Hold 'CLOCK_50'
Slack : 0.219
TNS   : 0.000

Type  : Slow 1100mV 0C Model Minimum Pulse Width 'CLOCK_50'
Slack : -0.394
TNS   : -29.460

Type  : Fast 1100mV 85C Model Setup 'CLOCK_50'
Slack : -2.936
TNS   : -69.306

Type  : Fast 1100mV 85C Model Hold 'CLOCK_50'
Slack : 0.143
TNS   : 0.000

Type  : Fast 1100mV 85C Model Minimum Pulse Width 'CLOCK_50'
Slack : -0.094
TNS   : -4.834

Type  : Fast 1100mV 0C Model Setup 'CLOCK_50'
Slack : -2.659
TNS   : -61.164

Type  : Fast 1100mV 0C Model Hold 'CLOCK_50'
Slack : 0.127
TNS   : 0.000

Type  : Fast 1100mV 0C Model Minimum Pulse Width 'CLOCK_50'
Slack : -0.089
TNS   : -4.613

------------------------------------------------------------
