------------------------------------------------------------
Timing Analyzer Summary
------------------------------------------------------------

Type  : Slow 1100mV 85C Model Setup 'KEY[0]'
Slack : -0.566
TNS   : -2.454

Type  : Slow 1100mV 85C Model Hold 'KEY[0]'
Slack : 0.376
TNS   : 0.000

Type  : Slow 1100mV 85C Model Minimum Pulse Width 'KEY[0]'
Slack : -0.394
TNS   : -5.517

Type  : Slow 1100mV 0C Model Setup 'KEY[0]'
Slack : -0.606
TNS   : -2.765

Type  : Slow 1100mV 0C Model Hold 'KEY[0]'
Slack : 0.390
TNS   : 0.000

Type  : Slow 1100mV 0C Model Minimum Pulse Width 'KEY[0]'
Slack : -0.394
TNS   : -5.128

Type  : Fast 1100mV 85C Model Setup 'KEY[0]'
Slack : 0.108
TNS   : 0.000

Type  : Fast 1100mV 85C Model Hold 'KEY[0]'
Slack : 0.183
TNS   : 0.000

Type  : Fast 1100mV 85C Model Minimum Pulse Width 'KEY[0]'
Slack : -0.337
TNS   : -2.888

Type  : Fast 1100mV 0C Model Setup 'KEY[0]'
Slack : 0.153
TNS   : 0.000

Type  : Fast 1100mV 0C Model Hold 'KEY[0]'
Slack : 0.172
TNS   : 0.000

Type  : Fast 1100mV 0C Model Minimum Pulse Width 'KEY[0]'
Slack : -0.317
TNS   : -2.704

------------------------------------------------------------
